2026-09-04 13:21:26.446 | INFO     | __main__:main:66 - Loaded dataset from cache: {'5m': 315575, '15m': 105191, '1h': 26297, '4h': 6574}
2026-09-04 13:21:26.856 | INFO     | __main__:main:77 - Dataset stats: {
 "5m": {
  "count": 315575,
  "start": 1693841700000,
  "end": 1788513900000,
  "duplicates": 0,
  "invalid_ohlc": 0,
  "non_positive": 0,
  "large_gaps": 0,
  "issues": []
 },
 "15m": {
  "count": 105191,
  "start": 1693842300000,
  "end": 1788513300000,
  "duplicates": 0,
  "invalid_ohlc": 0,
  "non_positive": 0,
  "large_gaps": 0,
  "issues": []
 },
 "1h": {
  "count": 26297,
  "start": 1693843200000,
  "end": 1788508800000,
  "duplicates": 0,
  "invalid_ohlc": 0,
  "non_positive": 0,
  "large_gaps": 0,
  "issues": []
 },
 "4h": {
  "count": 6574,
  "start": 1693843200000,
  "end": 1788494400000,
  "duplicates": 0,
  "invalid_ohlc": 0,
  "non_positive": 0,
  "large_gaps": 0,
  "issues": []
 }
}
2026-09-04 13:21:26.863 | INFO     | backtest.phase1_runner:run:71 - Starting Phase 1 Backtest: 315575 5M candles from index 500
2026-09-04 13:21:26.863 | INFO     | backtest.phase1_runner:run:72 - Derivatives Mode: UNAVAILABLE (Technical Baseline — Mode A)
2026-09-04 13:21:26.866 | INFO     | backtest.phase1_runner:run:73 - Fee Model: Taker 0.04%
2026-09-04 13:21:26.866 | INFO     | backtest.phase1_runner:run:74 - Slippage Model: 0.02%
2026-09-04 13:21:26.866 | INFO     | backtest.phase1_runner:run:75 - Funding Model: DISABLED
2026-09-04 13:45:42.237 | INFO     | backtest.phase1_runner:run:238 - Phase 1 Backtest Complete. Total Trades: 16 | Net PnL: $-6.47 | Win Rate: 31.25%
2026-09-04 13:45:42.247 | INFO     | backtest.phase1_runner:generate_reports:368 - Generated: reports\historical-backtest-phase1-summary.md
2026-09-04 13:45:42.248 | INFO     | backtest.phase1_runner:generate_reports:368 - Generated: reports\historical-backtest-phase1-summary.json
2026-09-04 13:45:42.249 | INFO     | backtest.phase1_runner:generate_reports:368 - Generated: reports\historical-backtest-phase1-dataset-audit.json
2026-09-04 13:45:42.250 | INFO     | backtest.phase1_runner:generate_reports:368 - Generated: reports\historical-backtest-phase1-trades.csv
2026-09-04 13:45:42.251 | INFO     | backtest.phase1_runner:generate_reports:368 - Generated: reports\historical-backtest-phase1-signal-funnel.json
2026-09-04 13:45:42.252 | INFO     | backtest.phase1_runner:generate_reports:368 - Generated: reports\historical-backtest-phase1-setup-breakdown.json
2026-09-04 13:45:42.252 | INFO     | backtest.phase1_runner:generate_reports:368 - Generated: reports\historical-backtest-phase1-regime-breakdown.json
2026-09-04 13:45:42.253 | INFO     | backtest.phase1_runner:generate_reports:368 - Generated: reports\historical-backtest-phase1-direction-breakdown.json
2026-09-04 13:45:42.253 | INFO     | backtest.phase1_runner:generate_reports:368 - Generated: reports\historical-backtest-phase1-volatility-breakdown.json
2026-09-04 13:45:42.256 | INFO     | backtest.phase1_runner:generate_reports:368 - Generated: reports\historical-backtest-phase1-monthly.json
2026-09-04 13:45:42.262 | INFO     | backtest.phase1_runner:generate_reports:368 - Generated: reports\historical-backtest-phase1-mfe-mae.json
2026-09-04 13:45:42.266 | INFO     | backtest.phase1_runner:generate_reports:368 - Generated: reports\historical-backtest-phase1-stop-analysis.json
2026-09-04 13:45:42.271 | INFO     | backtest.phase1_runner:generate_reports:368 - Generated: reports\historical-backtest-phase1-exit-analysis.json
2026-09-04 13:45:42.272 | INFO     | backtest.phase1_runner:generate_reports:368 - Generated: reports\historical-backtest-phase1-risk-rejections.json
2026-09-04 13:45:42.272 | INFO     | __main__:main:88 - Done. Reports: ['historical-backtest-phase1-dataset-audit.json', 'historical-backtest-phase1-direction-breakdown.json', 'historical-backtest-phase1-exit-analysis.json', 'historical-backtest-phase1-mfe-mae.json', 'historical-backtest-phase1-monthly.json', 'historical-backtest-phase1-regime-breakdown.json', 'historical-backtest-phase1-risk-rejections.json', 'historical-backtest-phase1-setup-breakdown.json', 'historical-backtest-phase1-signal-funnel.json', 'historical-backtest-phase1-stop-analysis.json', 'historical-backtest-phase1-summary.json', 'historical-backtest-phase1-summary.md', 'historical-backtest-phase1-trades.csv', 'historical-backtest-phase1-volatility-breakdown.json']
2026-09-04 13:45:42.275 | INFO     | __main__:main:89 - Trades=16 Net=$-6.47 WR=31.25% PF=1.1
